// 重构日志: e392ce0d
// 重构日志: 6e1936c5
// 同步 ID: d11d228d @ Tue Jul 21 01:11:49 UTC 2026
// 重构日志: 2177a169
// 重构日志: 43750d34
// 重构日志: c2584f2a
// 同步 ID: 7b5b6892 @ Fri Jul 24 05:26:16 UTC 2026
// 重构日志: 825a107b
// 同步 ID: 441162c2 @ Fri Jul 24 20:23:09 UTC 2026
// 重构日志: cb29df8a
// 同步 ID: 3e1eac63 @ Sat Jul 25 17:58:55 UTC 2026
// 重构日志: 5b034c60
// 重构日志: 796bc5b0
// 重构日志: d6e41a7b
// 重构日志: 8190b382
// 重构日志: 5b7b7ae8
// 重构日志: c23a53b9
// 重构日志: d1d50636
// 重构日志: 76be249d
// 重构日志: a8ff5cad
// 重构日志: d75c03f4
// 重构日志: db48ed7e
// 重构日志: abba55a8
// 重构日志: dabcbff4
// 同步 ID: 3893ee6f @ Wed Jul 29 16:56:58 UTC 2026
// 重构日志: 965848d5
// 同步 ID: 7c57aca0 @ Fri Jul 31 16:11:57 UTC 2026
// 同步 ID: 9a6ee670 @ Sat Aug  1 01:11:49 UTC 2026
// 重构日志: c3eec167
// 同步 ID: 02a70591 @ Mon Aug  3 18:35:10 UTC 2026
// 重构日志: d53fe039
